[
    {
        "name": "Nova godina - prvi dan",
        "date": "2024-01-01"
    },
    {
        "name": "Nova godina - drugi dan",
        "date": "2024-01-02"
    },
    {
        "name": "Dan dr\u017eavnosti - prvi dan",
        "date": "2024-02-15"
    },
    {
        "name": "Dan dr\u017eavnosti - drugi dan",
        "date": "2024-02-16"
    },
    {
        "name": "Praznik rada - prvi dan",
        "date": "2024-05-01"
    },
    {
        "name": "Praznik rada - drugi dan",
        "date": "2024-05-02"
    },
    {
        "name": "Veliki petak",
        "date": "2024-05-03"
    },
    {
        "name": "Vaskr\u0161nji ponedeljak",
        "date": "2024-05-06"
    },
    {
        "name": "Dan primirja u Prvom svetskom ratu",
        "date": "2024-11-11"
    }
]